// Jest Snapshot v1, https://goo.gl/fbAQLP

exports[`TravelImage components test renders without crashing with all props 1`] = `
<Image
  as="img"
  rounded={true}
  src="Roma.jpg"
  ui={true}
/>
`;
